
System Hostname:
